[www.anjali-khanna.in/index.html]
[backblue.gif]
[fade.gif]
[index.html]
[www.anjali-khanna.in/wp-json/wp/v2/pages/2.json]
[www.anjali-khanna.in/wp-json/index.html]
[www.anjali-khanna.in/xmlrpc0db0.php]
[www.anjali-khanna.in/wp-includes/wlwmanifest.xml]
[www.anjali-khanna.in/wp-json/oembed/1.0/embedda37.json]
[www.anjali-khanna.in/wp-json/oembed/1.0/embed5cdd]
[www.anjali-khanna.in/wp-content/uploads/2017/08/favicon.png]
[www.anjali-khanna.in/wp-content/cache/autoptimize/js/autoptimize_1d931d01caaeba675e4af861a24027f2.js]
[www.anjali-khanna.in/about-us.html]
[www.anjali-khanna.in/our-services.html]
[www.anjali-khanna.in/escorts-gallery.html]
[www.anjali-khanna.in/rate.html]
[www.anjali-khanna.in/hotels.html]
[www.anjali-khanna.in/blogs.html]
[www.anjali-khanna.in/contact-us.html]
[www.anjali-khanna.in/wp-content/uploads/2020/02/anjali-khanna-desktop-banner.jpg]
[www.anjali-khanna.in/wp-content/uploads/2020/02/anjali-khanna-mobile-banner.jpg]
[www.anjali-khanna.in/wp-content/uploads/2020/04/xprofile9.jpg]
[www.anjali-khanna.in/wp-content/uploads/2020/04/xprofile8.jpg]
[www.anjali-khanna.in/wp-content/uploads/2020/04/xprofile7.jpg]
[www.anjali-khanna.in/wp-content/uploads/2020/04/xprofile5.jpg]
[www.anjali-khanna.in/wp-content/uploads/2020/04/xprofile4.jpg]
[www.anjali-khanna.in/wp-content/uploads/2020/04/xprofile3.jpg]
[www.anjali-khanna.in/wp-content/uploads/2020/04/xprofile2.jpg]
[www.anjali-khanna.in/wp-content/uploads/2020/04/xprofile1.jpg]
[www.anjali-khanna.in/escorts-in-kolkata.html]
[www.anjali-khanna.in/kolkata-call-girls.html]
[www.anjali-khanna.in/call-girls-in-kolkata.html]
[www.anjali-khanna.in/vip-escorts-kolkata.html]
[www.anjali-khanna.in/college-escorts-in-kolkata.html]
[www.anjali-khanna.in/high-profile-escorts-kolkata.html]
[www.anjali-khanna.in/russian-escorts-kolkata.html]
[www.anjali-khanna.in/genuine-escort-agency-in-kolkata.html]
[www.anjali-khanna.in/escort-service-in-kolkata.html]
[www.anjali-khanna.in/housewife-escort-kolkata.html]
[www.anjali-khanna.in/housewife-escorts-kolkata.html]
[www.anjali-khanna.in/kolkata-escorts.html]
[www.anjali-khanna.in/locality/tollygunge.html]
[www.anjali-khanna.in/locality/salt-lake.html]
[www.anjali-khanna.in/locality/park-street.html]
[www.anjali-khanna.in/locality/park-circus.html]
[www.anjali-khanna.in/locality/new-town.html]
[www.anjali-khanna.in/locality/minto-park.html]
[www.anjali-khanna.in/locality/lake-town.html]
[www.anjali-khanna.in/locality/kankurgachi.html]
[www.anjali-khanna.in/locality/jatin-das-park.html]
[www.anjali-khanna.in/locality/howrah.html]
[www.anjali-khanna.in/locality/esplanade.html]
[www.anjali-khanna.in/locality/dum-dum.html]
[www.anjali-khanna.in/locality/beck-bagan.html]
[www.anjali-khanna.in/locality/barabazar.html]
[www.anjali-khanna.in/locality/ballygunge.html]
[www.anjali-khanna.in/wp-content/themes/escorts/assets/images/background/book-now.png]
[www.anjali-khanna.in/locality/air-port-kolkata.html]
[www.anjali-khanna.in/wp-content/uploads/2018/03/kolkata-call-girl.jpg]
[www.anjali-khanna.in/kolkata-call-girl.html]
[www.anjali-khanna.in/kolkata-escorts.html]
[www.anjali-khanna.in/wp-content/uploads/2019/12/kolkata-escorts.jpg]
[www.anjali-khanna.in/kolkata-call-girl-phone-number.html]
[www.anjali-khanna.in/wp-content/uploads/2018/02/kolkata-call-girl-phone-number.jpg]
[www.anjali-khanna.in/air-hostess-escorts-kolkata.html]
[www.anjali-khanna.in/bollywood-escorts-kolkata.html]
[www.anjali-khanna.in/call-girls-dum-dum.html]
[www.anjali-khanna.in/call-girls-howrah.html]
[www.anjali-khanna.in/call-girls-in-new-town.html]
[www.anjali-khanna.in/call-girls-park-street.html]
[www.anjali-khanna.in/celebrity-escorts-kolkata.html]
[www.anjali-khanna.in/female-escorts-in-kolkata.html]
[www.anjali-khanna.in/hot-call-girls-kolkata.html]
[www.anjali-khanna.in/hot-escorts-kolkata.html]
[www.anjali-khanna.in/independent-call-girls-kolkata.html]
[www.anjali-khanna.in/independent-kolkata-escorts.html]
[www.anjali-khanna.in/kolkata-escort-girls.html]
[www.anjali-khanna.in/kolkata-escorts.html]
[www.anjali-khanna.in/wp-content/plugins/autoptimize/classes/external/js/lazysizes.mindb43.js]
[www.anjali-khanna.in/index.html]
[www.anjali-khanna.in/wp-content/themes/escorts/assets/fonts/glyphicons-halflings-regular.4b.delayed]
[www.anjali-khanna.in/wp-content/themes/escorts/assets/fonts/fontawesome-webfont9efe.eot]
[www.anjali-khanna.in/wp-content/cache/autoptimize/css/autoptimize_8e693adc52537362fc174dd08abbc210.css]
[www.anjali-khanna.in/wp-content/themes/escorts/assets/fonts/font-face/BioRhyme.woff]
[www.anjali-khanna.in/wp-json/wp/v2/pages/32.json]
[www.anjali-khanna.in/index6c46.html]
[www.anjali-khanna.in/wp-json/oembed/1.0/embedceab.json]
[www.anjali-khanna.in/about-us.html]
[www.anjali-khanna.in/wp-json/oembed/1.0/embed71ab]
[www.anjali-khanna.in/wp-json/wp/v2/pages/34.json]
[www.anjali-khanna.in/wp-json/oembed/1.0/embed38eb.json]
[www.anjali-khanna.in/index1e7e.html]
[www.anjali-khanna.in/our-services.html]
[www.anjali-khanna.in/wp-json/oembed/1.0/embedad9f]
[www.anjali-khanna.in/wp-json/wp/v2/pages/35.json]
[www.anjali-khanna.in/wp-json/oembed/1.0/embed57fe.json]
[www.anjali-khanna.in/index5c90.html]
[www.anjali-khanna.in/wp-content/themes/escorts/assets/images/gallery/gallery-1.jpg]
[www.anjali-khanna.in/wp-json/oembed/1.0/embed61f0]
[www.anjali-khanna.in/wp-content/themes/escorts/assets/images/gallery/gallery-2.jpg]
[www.anjali-khanna.in/wp-content/themes/escorts/assets/images/gallery/gallery-3.jpg]
[www.anjali-khanna.in/wp-content/themes/escorts/assets/images/gallery/gallery-4.jpg]
[www.anjali-khanna.in/wp-content/themes/escorts/assets/images/gallery/gallery-5.jpg]
[www.anjali-khanna.in/wp-content/themes/escorts/assets/images/gallery/gallery-6.jpg]
[www.anjali-khanna.in/wp-content/themes/escorts/assets/images/gallery/gallery-7.jpg]
[www.anjali-khanna.in/wp-content/themes/escorts/assets/images/gallery/gallery-8.jpg]
[www.anjali-khanna.in/wp-content/themes/escorts/assets/images/gallery/gallery-9.jpg]
[www.anjali-khanna.in/kolkata-escorts.60.delayed]
[www.anjali-khanna.in/escorts-gallery.html]
[www.anjali-khanna.in/wp-json/wp/v2/pages/36.json]
[www.anjali-khanna.in/index0d0b.html]
[www.anjali-khanna.in/wp-json/oembed/1.0/embed09e6.json]
[www.anjali-khanna.in/rate.html]
[www.anjali-khanna.in/wp-json/oembed/1.0/embed1435]
[www.anjali-khanna.in/wp-json/wp/v2/pages/1438.json]
[www.anjali-khanna.in/wp-json/oembed/1.0/embed1a17.json]
[www.anjali-khanna.in/index5c93.html]
[www.anjali-khanna.in/wp-json/oembed/1.0/embedbe99]
[www.anjali-khanna.in/wp-content/uploads/2020/01/kolkata-hotel-escorts.jpg]
[www.anjali-khanna.in/hotels/the-vedic-village-kolkata.html]
[www.anjali-khanna.in/hotels/the-westin-kolkata.html]
[www.anjali-khanna.in/wp-content/themes/escorts/assets/images/no-image.png]
[www.anjali-khanna.in/hotels/novotel-hotel-kolkata.html]
[www.anjali-khanna.in/hotels/pride-hotel-kolkata.html]
[www.anjali-khanna.in/hotels/hindustan-international-kolkata.html]
[www.anjali-khanna.in/hotels/itc-sonar-bangla-kolkata.html]
[www.anjali-khanna.in/hotels/taj-bengal-kolkata.html]
[www.anjali-khanna.in/hotels/the-park-hotel-kolkata.html]
[www.anjali-khanna.in/hotels/jw-marriott-hotel-kolkata.html]
[www.anjali-khanna.in/hotels/hyatt-regency-kolkata.html]
[www.anjali-khanna.in/hotels/the-oberoi-grand-kolkata.html]
[www.anjali-khanna.in/hotels/the-lalit-great-eastern-kolkata-5-star.html]
[www.anjali-khanna.in/hotels/vivanta-hotel-kolkata.html]
[www.anjali-khanna.in/hotels.html]
[www.anjali-khanna.in/hotels/hotel-swissotel-kolkata.html]
[www.anjali-khanna.in/blogs/page/2.html]
[www.anjali-khanna.in/kolkata-escorts.html]
[www.anjali-khanna.in/wp-content/uploads/2018/02/bollywood-escorts-In-kolkata.jpg]
[www.anjali-khanna.in/wp-content/uploads/2018/02/russian-escorts-in-kolkata.jpg]
[www.anjali-khanna.in/wp-content/uploads/2017/10/air-hostess-escorts-in-kolkata.jpg]
[www.anjali-khanna.in/wp-content/uploads/2017/10/celebrity-escorts-in-kolkata.jpg]
[www.anjali-khanna.in/wp-content/uploads/2017/10/kolkata-call-girls.jpg]
[www.anjali-khanna.in/wp-content/uploads/2017/09/independent-call-girls-in-kolkata.jpg]
[www.anjali-khanna.in/wp-content/uploads/2017/09/high-profile-escorts-in-kolkata.jpg]
[www.anjali-khanna.in/wp-content/uploads/2017/09/housewife-escort-in-kolkata.jpg]
[www.anjali-khanna.in/wp-content/uploads/2017/09/VIP-escorts-in-Kolkata.jpg]
[www.anjali-khanna.in/wp-content/uploads/2017/09/Escorts-in-kolkata.jpg]
[www.anjali-khanna.in/wp-content/uploads/2017/08/escort-service-in-kolkata.jpg]
[www.anjali-khanna.in/wp-content/uploads/2017/08/independent-kolkata-escorts.jpg]
[www.anjali-khanna.in/wp-content/uploads/2017/08/kolkata-escort-girls.jpg]
[www.anjali-khanna.in/wp-content/uploads/2017/08/call-girls-in-kolkata.jpg]
[www.anjali-khanna.in/wp-content/uploads/2017/08/college-escorts-in-kolkata.jpg]
[www.anjali-khanna.in/wp-content/uploads/2017/08/genuine-escort-agency-in-kolkata.jpg]
[www.anjali-khanna.in/wp-content/uploads/2017/08/female-escorts-in-kolkata.jpg]
[www.anjali-khanna.in/blogs.html]
[www.anjali-khanna.in/wp-json/wp/v2/pages/38.json]
[www.anjali-khanna.in/wp-json/oembed/1.0/embedbd38.json]
[www.anjali-khanna.in/indexb93f.html]
[www.anjali-khanna.in/contact-us.html]
[www.anjali-khanna.in/wp-json/oembed/1.0/embed6f30]
[www.anjali-khanna.in/wp-json/wp/v2/posts/228.json]
[www.anjali-khanna.in/wp-json/oembed/1.0/embedc586.json]
[www.anjali-khanna.in/wp-json/oembed/1.0/embededa9]
[www.anjali-khanna.in/index6eea.html]
[www.anjali-khanna.in/blog.html]
[www.anjali-khanna.in/kolkata-escorts.html]
[www.anjali-khanna.in/escorts-in-kolkata.html]
[www.anjali-khanna.in/wp-json/wp/v2/posts/368.json]
[www.anjali-khanna.in/wp-json/oembed/1.0/embede95c.json]
[www.anjali-khanna.in/index5ee4.html]
[www.anjali-khanna.in/wp-json/oembed/1.0/embeda61f]
[www.anjali-khanna.in/kolkata-escorts.html]
[www.anjali-khanna.in/kolkata-escorts.html]
[www.anjali-khanna.in/kolkata-call-girls.html]
[www.anjali-khanna.in/wp-json/wp/v2/posts/14.json]
[www.anjali-khanna.in/wp-json/oembed/1.0/embed15a3.json]
[www.anjali-khanna.in/index0b69.html]
[www.anjali-khanna.in/wp-json/oembed/1.0/embeda04d]
[www.anjali-khanna.in/kolkata-escorts.html]
[www.anjali-khanna.in/kolkata-escorts.html]
[www.anjali-khanna.in/call-girls-in-kolkata.html]
[www.anjali-khanna.in/wp-json/wp/v2/posts/239.json]
[www.anjali-khanna.in/wp-json/oembed/1.0/embed9609.json]
[www.anjali-khanna.in/index1639.html]
[www.anjali-khanna.in/wp-json/oembed/1.0/embed82fd]
[www.anjali-khanna.in/kolkata-escorts.html]
[www.anjali-khanna.in/vip-escorts-kolkata.html]
[www.anjali-khanna.in/wp-json/wp/v2/posts/9.json]
[www.anjali-khanna.in/wp-json/oembed/1.0/embedb960.json]
[www.anjali-khanna.in/indexb5fb.html]
[www.anjali-khanna.in/wp-json/oembed/1.0/embed3fb1]
[www.anjali-khanna.in/kolkata-escorts.html]
[www.anjali-khanna.in/college-escorts-in-kolkata.html]
[www.anjali-khanna.in/wp-json/wp/v2/posts/301.json]
[www.anjali-khanna.in/wp-json/oembed/1.0/embed379b.json]
[www.anjali-khanna.in/wp-json/oembed/1.0/embedf993]
[www.anjali-khanna.in/index8a7d.html]
[www.anjali-khanna.in/call-girls-kolkata.a9.delayed]
[www.anjali-khanna.in/kolkata-escorts.html]
[www.anjali-khanna.in/high-profile-escorts-kolkata.html]
[www.anjali-khanna.in/wp-json/wp/v2/posts/721.json]
[www.anjali-khanna.in/wp-json/oembed/1.0/embed6c2a.json]
[www.anjali-khanna.in/index8bfb.html]
[www.anjali-khanna.in/wp-json/oembed/1.0/embed70fd]
[www.anjali-khanna.in/xmlrpc.php]
[www.anjali-khanna.in/kolkata-escorts.html]
[www.anjali-khanna.in/russian-escorts-kolkata.html]
[www.anjali-khanna.in/wp-json/wp/v2/posts/7.json]
[www.anjali-khanna.in/wp-json/oembed/1.0/embedfb55.json]
[www.anjali-khanna.in/indexc4f7.html]
[www.anjali-khanna.in/wp-json/oembed/1.0/embedbb79]
[www.anjali-khanna.in/kolkata-escorts.html]
[www.anjali-khanna.in/genuine-escort-agency-in-kolkata.html]
[www.anjali-khanna.in/wp-json/wp/v2/posts/20.json]
[www.anjali-khanna.in/wp-json/oembed/1.0/embedb7e8.json]
[www.anjali-khanna.in/index341b.html]
[www.anjali-khanna.in/wp-json/oembed/1.0/embed1164]
[www.anjali-khanna.in/kolkata-escorts.html]
[www.anjali-khanna.in/kolkata-escorts.html]
[www.anjali-khanna.in/escort-service-in-kolkata.html]
[www.anjali-khanna.in/wp-json/wp/v2/posts/296.json]
[www.anjali-khanna.in/wp-json/oembed/1.0/embedd132.json]
[www.anjali-khanna.in/index3e8e.html]
[www.anjali-khanna.in/wp-json/oembed/1.0/embed57c5]
[www.anjali-khanna.in/kolkata-escorts.html]
[www.anjali-khanna.in/housewife-escorts-kolkata.html]
[www.anjali-khanna.in/wp-content/uploads/2018/03/Tollygunge.jpg]
[www.anjali-khanna.in/wp-json/wp/v2/locations/1411.json]
[www.anjali-khanna.in/wp-json/oembed/1.0/embedd391.json]
[www.anjali-khanna.in/index0b5c.html]
[www.anjali-khanna.in/locality/tollygunge.html]
[www.anjali-khanna.in/wp-content/uploads/2018/03/Tollygunge-800x574.jpg]
[www.anjali-khanna.in/wp-json/oembed/1.0/embeddca1]
[www.anjali-khanna.in/wp-content/uploads/2018/03/salt-lake.jpg]
[www.anjali-khanna.in/wp-json/wp/v2/locations/1409.json]
[www.anjali-khanna.in/wp-json/oembed/1.0/embed7905.json]
[www.anjali-khanna.in/index724e.html]
[www.anjali-khanna.in/wp-content/uploads/2018/03/salt-lake-800x574.jpg]
[www.anjali-khanna.in/wp-json/oembed/1.0/embedec97]
[www.anjali-khanna.in/locality/salt-lake.html]
[www.anjali-khanna.in/wp-content/uploads/2018/03/park-street.jpg]
[www.anjali-khanna.in/wp-json/wp/v2/locations/1406.json]
[www.anjali-khanna.in/wp-json/oembed/1.0/embed4a5c.json]
[www.anjali-khanna.in/indexc3e5.html]
[www.anjali-khanna.in/locality/park-street.html]
[www.anjali-khanna.in/wp-content/uploads/2018/03/park-street-800x574.jpg]
[www.anjali-khanna.in/wp-json/oembed/1.0/embed030e]
[www.anjali-khanna.in/wp-content/uploads/2018/03/Park-Circus.jpg]
[www.anjali-khanna.in/wp-json/wp/v2/locations/1404.json]
[www.anjali-khanna.in/wp-json/oembed/1.0/embedd3aa.json]
[www.anjali-khanna.in/wp-json/oembed/1.0/embedca49]
[www.anjali-khanna.in/wp-content/cache/autoptimize/js/autoptimize_599460e068576800b3f3408e8bd5bcf8.js]
[www.anjali-khanna.in/indexc64e.html]
[www.anjali-khanna.in/wp-content/uploads/2018/03/Park-Circus-800x574.jpg]
[www.anjali-khanna.in/locality/park-circus.html]
[www.anjali-khanna.in/wp-content/uploads/2018/03/new-town.jpg]
[www.anjali-khanna.in/wp-json/wp/v2/locations/1402.json]
[www.anjali-khanna.in/wp-json/oembed/1.0/embed64d4.json]
[www.anjali-khanna.in/index9588.html]
[www.anjali-khanna.in/wp-content/uploads/2018/03/new-town-800x574.jpg]
[www.anjali-khanna.in/wp-json/oembed/1.0/embed6644]
[www.anjali-khanna.in/locality/new-town.html]
[www.anjali-khanna.in/wp-content/uploads/2018/03/minto-park.jpg]
[www.anjali-khanna.in/wp-json/wp/v2/locations/1400.json]
[www.anjali-khanna.in/wp-json/oembed/1.0/embed2076.json]
[www.anjali-khanna.in/indexa7ea.html]
[www.anjali-khanna.in/wp-content/uploads/2018/03/minto-park-800x574.jpg]
[www.anjali-khanna.in/wp-json/oembed/1.0/embed2c42]
[www.anjali-khanna.in/locality/minto-park.html]
[www.anjali-khanna.in/wp-content/uploads/2018/03/Lake-Town.jpg]
[www.anjali-khanna.in/wp-json/wp/v2/locations/1398.json]
[www.anjali-khanna.in/wp-json/oembed/1.0/embed2cd2.json]
[www.anjali-khanna.in/indexe6a5.html]
[www.anjali-khanna.in/wp-content/uploads/2018/03/Lake-Town-800x574.jpg]
[www.anjali-khanna.in/wp-json/oembed/1.0/embedf04e]
[www.anjali-khanna.in/locality/lake-town.html]
[www.anjali-khanna.in/wp-content/uploads/2018/03/kankurgachi.jpg]
[www.anjali-khanna.in/wp-json/wp/v2/locations/1396.json]
[www.anjali-khanna.in/wp-json/oembed/1.0/embede16c.json]
[www.anjali-khanna.in/indexc58f.html]
[www.anjali-khanna.in/wp-content/uploads/2018/03/kankurgachi-800x574.jpg]
[www.anjali-khanna.in/wp-json/oembed/1.0/embed4cc5]
[www.anjali-khanna.in/locality/kankurgachi.html]
[www.anjali-khanna.in/wp-content/uploads/2018/03/Jatin-das-Park.jpg]
[www.anjali-khanna.in/wp-json/wp/v2/locations/1394.json]
[www.anjali-khanna.in/wp-json/oembed/1.0/embed911e.json]
[www.anjali-khanna.in/indexcff5.html]
[www.anjali-khanna.in/locality/jatin-das-park.html]
[www.anjali-khanna.in/wp-content/uploads/2018/03/Jatin-das-Park-800x574.jpg]
[www.anjali-khanna.in/wp-json/oembed/1.0/embedc88c]
[www.anjali-khanna.in/wp-content/uploads/2018/03/howrah.jpg]
[www.anjali-khanna.in/wp-json/wp/v2/locations/1390.json]
[www.anjali-khanna.in/wp-json/oembed/1.0/embed43e8.json]
[www.anjali-khanna.in/index93a9.html]
[www.anjali-khanna.in/wp-content/uploads/2018/03/howrah-800x574.jpg]
[www.anjali-khanna.in/wp-json/oembed/1.0/embedefe8]
[www.anjali-khanna.in/locality/howrah.html]
[www.anjali-khanna.in/wp-content/uploads/2018/03/esplanade.jpg]
[www.anjali-khanna.in/wp-json/wp/v2/locations/1388.json]
[www.anjali-khanna.in/wp-json/oembed/1.0/embedcaf7.json]
[www.anjali-khanna.in/indexe129.html]
[www.anjali-khanna.in/locality/esplanade.html]
[www.anjali-khanna.in/wp-content/uploads/2018/03/esplanade-800x574.jpg]
[www.anjali-khanna.in/wp-json/oembed/1.0/embedc0a2]
[www.anjali-khanna.in/wp-content/uploads/2018/03/dum-dum.jpg]
[www.anjali-khanna.in/wp-json/wp/v2/locations/1386.json]
[www.anjali-khanna.in/wp-json/oembed/1.0/embedb8e2.json]
[www.anjali-khanna.in/index3b66.html]
[www.anjali-khanna.in/wp-content/uploads/2018/03/dum-dum-800x574.jpg]
[www.anjali-khanna.in/wp-json/oembed/1.0/embed82ce]
[www.anjali-khanna.in/locality/dum-dum.html]
[www.anjali-khanna.in/wp-content/uploads/2018/03/beck-bagan.jpg]
[www.anjali-khanna.in/wp-json/wp/v2/locations/1384.json]
[www.anjali-khanna.in/wp-json/oembed/1.0/embed20a1.json]
[www.anjali-khanna.in/indexe23a.html]
[www.anjali-khanna.in/wp-content/uploads/2018/03/beck-bagan-800x574.jpg]
[www.anjali-khanna.in/wp-json/oembed/1.0/embede363]
[www.anjali-khanna.in/locality/beck-bagan.html]
[www.anjali-khanna.in/wp-content/uploads/2018/03/barabazar.jpg]
[www.anjali-khanna.in/wp-json/wp/v2/locations/1381.json]
[www.anjali-khanna.in/wp-json/oembed/1.0/embed1ec7.json]
[www.anjali-khanna.in/index3e5f.html]
[www.anjali-khanna.in/locality/barabazar.html]
[www.anjali-khanna.in/wp-content/uploads/2018/03/barabazar-800x574.jpg]
[www.anjali-khanna.in/wp-json/oembed/1.0/embedb515]
[www.anjali-khanna.in/wp-content/uploads/2018/03/ballygunge.jpg]
[www.anjali-khanna.in/wp-json/wp/v2/locations/1377.json]
[www.anjali-khanna.in/wp-json/oembed/1.0/embed4548.json]
[www.anjali-khanna.in/locality/ballygunge.html]
[www.anjali-khanna.in/wp-content/uploads/2018/03/ballygunge-800x574.jpg]
[www.anjali-khanna.in/index91ff.html]
[www.anjali-khanna.in/wp-json/oembed/1.0/embeda95c]
[www.anjali-khanna.in/wp-content/uploads/2018/03/Air-port-Kolkata.jpg]
[www.anjali-khanna.in/wp-json/wp/v2/locations/1373.json]
[www.anjali-khanna.in/wp-json/oembed/1.0/embed8057.json]
[www.anjali-khanna.in/indexaf12.html]
[www.anjali-khanna.in/wp-content/uploads/2018/03/Air-port-Kolkata-800x574.jpg]
[www.anjali-khanna.in/wp-json/oembed/1.0/embed358f]
[www.anjali-khanna.in/locality/air-port-kolkata.html]
[www.anjali-khanna.in/wp-json/wp/v2/posts/1088.json]
[www.anjali-khanna.in/wp-json/oembed/1.0/embed0c72.json]
[www.anjali-khanna.in/index784f.html]
[www.anjali-khanna.in/wp-json/oembed/1.0/embed7bc0]
[www.anjali-khanna.in/kolkata-escorts.html]
[www.anjali-khanna.in/kolkata-escorts.html]
[www.anjali-khanna.in/kolkata-call-girl.html]
[www.anjali-khanna.in/wp-json/wp/v2/posts/819.json]
[www.anjali-khanna.in/index094a.html]
[www.anjali-khanna.in/wp-json/oembed/1.0/embedabd1.json]
[www.anjali-khanna.in/wp-json/oembed/1.0/embed4213]
[www.anjali-khanna.in/kolkata-escorts.html]
[www.anjali-khanna.in/kolkata-call-girl-phone-number.html]
[www.anjali-khanna.in/wp-json/wp/v2/posts/415.json]
[www.anjali-khanna.in/wp-json/oembed/1.0/embedaf74.json]
[www.anjali-khanna.in/indexd519.html]
[www.anjali-khanna.in/wp-json/oembed/1.0/embed4f61]
[www.anjali-khanna.in/hot-call-girls-kolkata.html]
[www.anjali-khanna.in/kolkata-escorts.html]
[www.anjali-khanna.in/air-hostess-escorts-kolkata.html]
[www.anjali-khanna.in/wp-json/wp/v2/posts/789.json]
[www.anjali-khanna.in/wp-json/oembed/1.0/embed2a2b.json]
[www.anjali-khanna.in/indexd4ce.html]
[www.anjali-khanna.in/wp-json/oembed/1.0/embed2763]
[www.anjali-khanna.in/kolkata-escorts.html]
[www.anjali-khanna.in/bollywood-escorts-kolkata.html]
[www.anjali-khanna.in/wp-json/wp/v2/posts/410.json]
[www.anjali-khanna.in/wp-json/oembed/1.0/embed29b8.json]
[www.anjali-khanna.in/index0ed6.html]
[www.anjali-khanna.in/wp-json/oembed/1.0/embedcbd4]
[www.anjali-khanna.in/air-hostess-escorts-in-kolkata.123.delayed]
[www.anjali-khanna.in/kolkata-escorts.html]
[www.anjali-khanna.in/celebrity-escorts-kolkata.html]
[www.anjali-khanna.in/wp-json/wp/v2/posts/5.json]
[www.anjali-khanna.in/wp-json/oembed/1.0/embed1f49.json]
[www.anjali-khanna.in/wp-json/oembed/1.0/embedb32d]
[www.anjali-khanna.in/indexc471.html]
[www.anjali-khanna.in/call-girls-in-new-town.html]
[www.anjali-khanna.in/call-girls-dum-dum.html]
[www.anjali-khanna.in/kolkata-escorts.html]
[www.anjali-khanna.in/female-escorts-in-kolkata.html]
[www.anjali-khanna.in/wp-json/wp/v2/posts/326.json]
[www.anjali-khanna.in/wp-json/oembed/1.0/embed0745.json]
[www.anjali-khanna.in/index4bd3.html]
[www.anjali-khanna.in/wp-json/oembed/1.0/embede9c5]
[www.anjali-khanna.in/kolkata-escorts.html]
[www.anjali-khanna.in/independent-call-girls-kolkata.html]
[www.anjali-khanna.in/wp-json/wp/v2/posts/18.json]
[www.anjali-khanna.in/index0735.html]
[www.anjali-khanna.in/wp-json/oembed/1.0/embedcfcc.json]
[www.anjali-khanna.in/wp-json/oembed/1.0/embed33e3]
[www.anjali-khanna.in/kolkata-escorts.html]
[www.anjali-khanna.in/independent-kolkata-escorts.html]
[www.anjali-khanna.in/wp-json/wp/v2/posts/16.json]
[www.anjali-khanna.in/wp-json/oembed/1.0/embed8aa2.json]
[www.anjali-khanna.in/index0e62.html]
[www.anjali-khanna.in/wp-json/oembed/1.0/embed0bc5]
[www.anjali-khanna.in/kolkata-escorts.html]
[www.anjali-khanna.in/kolkata-escort-girls.html]
[www.anjali-khanna.in/wp-content/themes/escorts/assets/fonts/glyphicons-halflings-regular.html]
[www.anjali-khanna.in/index6c46.html]
[www.anjali-khanna.in/index1e7e.html]
[www.anjali-khanna.in/index5c90.html]
[www.anjali-khanna.in/index0d0b.html]
[www.anjali-khanna.in/index5c93.html]
[www.anjali-khanna.in/wp-json/wp/v2/hotels/1590.json]
[www.anjali-khanna.in/wp-json/oembed/1.0/embedb765.json]
[www.anjali-khanna.in/indexaf75.html]
[www.anjali-khanna.in/hotels/the-vedic-village-kolkata.html]
[www.anjali-khanna.in/wp-json/oembed/1.0/embed969d]
[www.anjali-khanna.in/wp-json/wp/v2/hotels/1586.json]
[www.anjali-khanna.in/wp-json/oembed/1.0/embed5c4e.json]
[www.anjali-khanna.in/index676b.html]
[www.anjali-khanna.in/hotels/the-westin-kolkata.html]
[www.anjali-khanna.in/wp-json/oembed/1.0/embede4a0]
[www.anjali-khanna.in/wp-json/wp/v2/hotels/1582.json]
[www.anjali-khanna.in/wp-json/oembed/1.0/embed8e7e.json]
[www.anjali-khanna.in/index67b4.html]
[www.anjali-khanna.in/hotels/novotel-hotel-kolkata.html]
[www.anjali-khanna.in/wp-json/oembed/1.0/embede715]
[www.anjali-khanna.in/wp-json/wp/v2/hotels/1578.json]
[www.anjali-khanna.in/wp-json/oembed/1.0/embed2794.json]
[www.anjali-khanna.in/hotels/pride-hotel-kolkata.html]
[www.anjali-khanna.in/indexce54.html]
[www.anjali-khanna.in/wp-json/oembed/1.0/embed92a7]
[www.anjali-khanna.in/wp-json/wp/v2/hotels/1573.json]
[www.anjali-khanna.in/wp-json/oembed/1.0/embed7987.json]
[www.anjali-khanna.in/indexc8dc.html]
[www.anjali-khanna.in/hotels/hindustan-international-kolkata.html]
[www.anjali-khanna.in/wp-json/oembed/1.0/embed20f2]
[www.anjali-khanna.in/wp-json/wp/v2/hotels/1569.json]
[www.anjali-khanna.in/wp-json/oembed/1.0/embed7b46.json]
[www.anjali-khanna.in/hotels/itc-sonar-bangla-kolkata.html]
[www.anjali-khanna.in/indexb13f.html]
[www.anjali-khanna.in/wp-json/oembed/1.0/embed5795]
[www.anjali-khanna.in/wp-json/wp/v2/hotels/1565.json]
[www.anjali-khanna.in/wp-json/oembed/1.0/embedb7c5.json]
[www.anjali-khanna.in/hotels/taj-bengal-kolkata.html]
[www.anjali-khanna.in/indexcf6d.html]
[www.anjali-khanna.in/wp-json/oembed/1.0/embed8909]
[www.anjali-khanna.in/wp-json/wp/v2/hotels/1561.json]
[www.anjali-khanna.in/wp-json/oembed/1.0/embedc1a5.json]
[www.anjali-khanna.in/hotels/the-park-hotel-kolkata.html]
[www.anjali-khanna.in/index48a5.html]
[www.anjali-khanna.in/wp-json/oembed/1.0/embed806d]
[www.anjali-khanna.in/wp-json/wp/v2/hotels/1556.json]
[www.anjali-khanna.in/wp-json/oembed/1.0/embedebc4.json]
[www.anjali-khanna.in/index674c.html]
[www.anjali-khanna.in/hotels/jw-marriott-hotel-kolkata.html]
[www.anjali-khanna.in/wp-json/oembed/1.0/embed0fdd]
[www.anjali-khanna.in/wp-json/wp/v2/hotels/1552.json]
[www.anjali-khanna.in/wp-json/oembed/1.0/embed3531.json]
[www.anjali-khanna.in/index348c.html]
[www.anjali-khanna.in/hotels/hyatt-regency-kolkata.html]
[www.anjali-khanna.in/wp-json/oembed/1.0/embed0901]
[www.anjali-khanna.in/wp-json/wp/v2/hotels/1549.json]
[www.anjali-khanna.in/wp-json/oembed/1.0/embedc148.json]
[www.anjali-khanna.in/index6d24.html]
[www.anjali-khanna.in/hotels/the-oberoi-grand-kolkata.html]
[www.anjali-khanna.in/wp-json/oembed/1.0/embed6212]
[www.anjali-khanna.in/wp-json/wp/v2/hotels/1546.json]
[www.anjali-khanna.in/wp-json/oembed/1.0/embed4f38.json]
[www.anjali-khanna.in/hotels/the-lalit-great-eastern-kolkata-5-star.html]
[www.anjali-khanna.in/wp-json/oembed/1.0/embedd5e8]
[www.anjali-khanna.in/index8aa6.html]
[www.anjali-khanna.in/wp-json/wp/v2/hotels/1544.json]
[www.anjali-khanna.in/wp-json/oembed/1.0/embede971.json]
[www.anjali-khanna.in/index4377.html]
[www.anjali-khanna.in/hotels/vivanta-hotel-kolkata.html]
[www.anjali-khanna.in/wp-json/oembed/1.0/embed9bff]
[www.anjali-khanna.in/wp-json/wp/v2/hotels/1539.json]
[www.anjali-khanna.in/wp-json/oembed/1.0/embed26f2.json]
[www.anjali-khanna.in/hotels/hotel-swissotel-kolkata.html]
[www.anjali-khanna.in/indexb39e.html]
[www.anjali-khanna.in/wp-json/oembed/1.0/embed7006]
[www.anjali-khanna.in/kolkata-escorts.html]
[www.anjali-khanna.in/blogs/page/2.html]
[www.anjali-khanna.in/indexb93f.html]
[www.anjali-khanna.in/index6eea.html]
[www.anjali-khanna.in/blog/feed]
[www.anjali-khanna.in/wp-json/wp/v2/categories/1.json]
[www.anjali-khanna.in/kolkata-escorts.html]
[www.anjali-khanna.in/blog.html]
[www.anjali-khanna.in/index5ee4.html]
[www.anjali-khanna.in/index0b69.html]
[www.anjali-khanna.in/index1639.html]
[www.anjali-khanna.in/indexb5fb.html]
[www.anjali-khanna.in/index8a7d.html]
[www.anjali-khanna.in/call-girls-kolkata.html]
[www.anjali-khanna.in/index8bfb.html]
[www.anjali-khanna.in/xmlrpc.php]
[www.anjali-khanna.in/indexc4f7.html]
[www.anjali-khanna.in/index341b.html]
[www.anjali-khanna.in/index3e8e.html]
[www.anjali-khanna.in/index0b5c.html]
[www.anjali-khanna.in/index724e.html]
[www.anjali-khanna.in/indexc3e5.html]
[www.anjali-khanna.in/indexc64e.html]
[www.anjali-khanna.in/index9588.html]
[www.anjali-khanna.in/indexa7ea.html]
[www.anjali-khanna.in/indexe6a5.html]
[www.anjali-khanna.in/indexc58f.html]
[www.anjali-khanna.in/indexcff5.html]
[www.anjali-khanna.in/index93a9.html]
[www.anjali-khanna.in/indexe129.html]
[www.anjali-khanna.in/index3b66.html]
[www.anjali-khanna.in/indexe23a.html]
[www.anjali-khanna.in/index3e5f.html]
[www.anjali-khanna.in/index91ff.html]
[www.anjali-khanna.in/indexaf12.html]
[www.anjali-khanna.in/index784f.html]
[www.anjali-khanna.in/index094a.html]
[www.anjali-khanna.in/indexd519.html]
[www.anjali-khanna.in/indexd4ce.html]
[www.anjali-khanna.in/index0ed6.html]
[www.anjali-khanna.in/indexc471.html]
[www.anjali-khanna.in/index4bd3.html]
[www.anjali-khanna.in/index0735.html]
[www.anjali-khanna.in/index0e62.html]
[www.anjali-khanna.in/indexaf75.html]
[www.anjali-khanna.in/index676b.html]
[www.anjali-khanna.in/index67b4.html]
[www.anjali-khanna.in/indexce54.html]
[www.anjali-khanna.in/indexc8dc.html]
[www.anjali-khanna.in/indexb13f.html]
[www.anjali-khanna.in/indexcf6d.html]
[www.anjali-khanna.in/index48a5.html]
[www.anjali-khanna.in/index674c.html]
[www.anjali-khanna.in/index348c.html]
[www.anjali-khanna.in/index6d24.html]
[www.anjali-khanna.in/index8aa6.html]
[www.anjali-khanna.in/index4377.html]
[www.anjali-khanna.in/indexb39e.html]
[www.anjali-khanna.in/blog/feed]
[www.anjali-khanna.in/blog/feed]
[www.anjali-khanna.in/blog/feed]
